// Jest Snapshot v1, https://goo.gl/fbAQLP

exports[`Nav should match the snapshot with all the data passed in 1`] = `
<div>
  <div
    className="bm-overlay"
    onClick={[Function]}
    style={
      Object {
        "MozTransform": "translate3d(100%, 0, 0)",
        "MsTransform": "translate3d(100%, 0, 0)",
        "OTransform": "translate3d(100%, 0, 0)",
        "WebkitTransform": "translate3d(100%, 0, 0)",
        "background": "rgba(0, 0, 0, 0.3)",
        "height": "100%",
        "opacity": 0,
        "position": "fixed",
        "transform": "translate3d(100%, 0, 0)",
        "transition": "opacity 0.3s, transform 0s 0.3s",
        "width": "100%",
        "zIndex": 1000,
      }
    }
  />
  <div
    className="bm-menu-wrap"
    id=""
    style={
      Object {
        "MozTransform": "translate3d(-100%, 0, 0)",
        "MsTransform": "translate3d(-100%, 0, 0)",
        "OTransform": "translate3d(-100%, 0, 0)",
        "WebkitTransform": "translate3d(-100%, 0, 0)",
        "height": "100%",
        "position": "fixed",
        "right": "inherit",
        "transform": "translate3d(-100%, 0, 0)",
        "transition": "all 0.5s",
        "width": "300px",
        "zIndex": 1100,
      }
    }
  >
    <div
      className="bm-menu"
      style={
        Object {
          "boxSizing": "border-box",
          "height": "100%",
          "overflow": "auto",
        }
      }
    >
      <nav
        className="bm-item-list"
        style={
          Object {
            "height": "100%",
          }
        }
      />
    </div>
    <div
      style={Object {}}
    >
      <CrossIcon
        className=""
        crossClassName=""
        onClick={[Function]}
        styles={Object {}}
        tabIndex={-1}
      />
    </div>
  </div>
  <div
    style={Object {}}
  >
    <BurgerIcon
      barClassName=""
      className=""
      onClick={[Function]}
      styles={Object {}}
    />
  </div>
</div>
`;
