// Jest Snapshot v1, https://goo.gl/fbAQLP

exports[`Header should match the snapshot with all the data passed in 1`] = `
<div
  className="Header"
>
  <Menu
    bodyClassName=""
    burgerBarClassName=""
    burgerButtonClassName=""
    className=""
    crossButtonClassName=""
    crossClassName=""
    disableAutoFocus={false}
    disableCloseOnEsc={false}
    htmlClassName=""
    id=""
    itemClassName=""
    itemListClassName=""
    menuClassName=""
    morphShapeClassName=""
    noOverlay={false}
    onStateChange={[Function]}
    outerContainerId=""
    overlayClassName=""
    pageWrapId=""
    styles={Object {}}
    width={300}
  >
    <a
      className="menu-item"
      href="/"
      id="home"
    >
      Home
    </a>
    <a
      className="menu-item"
      href="/items"
      id="about"
    >
      Items
    </a>
    <a
      className="menu-item"
      href="/Champions"
      id="contact"
    >
      Champions
    </a>
    <a
      className="menu-item"
      href="/Synergies"
      id="contact"
    >
      Synergies
    </a>
    <a
      className="menu-item"
      href="/Carousel"
      id="contact"
    >
      Carousel
    </a>
  </Menu>
  <img
    alt="T.F. Tapptics"
    src="header-logo.png"
  />
</div>
`;
