// Jest Snapshot v1, https://goo.gl/fbAQLP

exports[`ChosenDisplay should match the snapshot iwth all the data passed in 1`] = `undefined`;
