// Jest Snapshot v1, https://goo.gl/fbAQLP

exports[`App should match the snapshot with all the data passed in 1`] = `
<div
  className="App"
>
  <Header />
  <Switch>
    <Route
      component={[Function]}
      exact={true}
      path="/"
    />
    <Route
      component={[Function]}
      exact={true}
      path="/items"
    />
    <Route
      component={[Function]}
      exact={true}
      path="/champions"
    />
    <Route
      component={[Function]}
      exact={true}
      path="/synergies"
    />
    <Route
      component={[Function]}
      exact={true}
      path="/details"
    />
    <Route
      component={[Function]}
      exact={true}
      path="/carousel"
    />
    <Route
      component={[Function]}
    />
  </Switch>
</div>
`;
