// Jest Snapshot v1, https://goo.gl/fbAQLP

exports[`ChosenCharacters should match the snapshot with all the data passed in 1`] = `undefined`;

exports[`ChosenCharacters should match the snapshot with the data passed in 1`] = `undefined`;
