// Jest Snapshot v1, https://goo.gl/fbAQLP

exports[`Stats should match the snapshot with all the data passed in 1`] = `
<article>
  <img
    alt="undefined portrait"
  />
  <div>
    <h5 />
    <h6>
      Health: 
    </h6>
    <h6>
      Damage: 
    </h6>
  </div>
</article>
`;
