// Jest Snapshot v1, https://goo.gl/fbAQLP

exports[`MainPage should match the snapshot with all the data passed in 1`] = `
<div
  className="MainPage"
>
  <ChosenDisplay />
  <CharacterChoices />
</div>
`;
