// Jest Snapshot v1, https://goo.gl/fbAQLP

exports[`SynergyStats should match the snapshot with the data passed in 1`] = `
<article
  className="SynergyStats"
/>
`;
