// Jest Snapshot v1, https://goo.gl/fbAQLP

exports[`Synergies should match the snapshot with all the data passed in 1`] = `
<div
  className="Synergies"
>
  <h3>
    Classes & Origins
  </h3>
  <section
    className="display-synergies"
  >
    <article
      className="synergy-article"
      onClick={[Function]}
    >
      <img
        onClick={[Function]}
        src=""
      />
      <h3
        onClick={[Function]}
      >
        Demon
      </h3>
      <p
        onClick={[Function]}
      />
    </article>
  </section>
  <Modal
    ariaHideApp={true}
    bodyOpenClassName="ReactModal__Body--open"
    className="Modal"
    closeTimeoutMS={0}
    contentLabel="Synergy Modal"
    isOpen={false}
    parentSelector={[Function]}
    portalClassName="ReactModalPortal"
    role="dialog"
    shouldCloseOnEsc={true}
    shouldCloseOnOverlayClick={true}
    shouldFocusAfterRender={true}
    shouldReturnFocusAfterClose={true}
  >
    <div
      className="modal-display-synergies"
    />
  </Modal>
</div>
`;
