// Jest Snapshot v1, https://goo.gl/fbAQLP

exports[`Loading should match the snapshot with all the data passed in 1`] = `
<div>
  <img
    alt="loading poro"
    src="poro.gif"
  />
</div>
`;
